[pytest]
markers =
    smoke: mark for fast and essential tests

python_files = test_*
python_classes = Test*
python_functions = test_*
